// Jest Snapshot v1, https://goo.gl/fbAQLP

exports[`home displays 1`] = `
<button
  aria-busy="true"
  className="secondary"
/>
`;
